  Determining projects to restore...
  All projects are up-to-date for restore.
  /app/Content/DefaultFont.spritefont
/app/Content/DefaultFont.spritefont : error : Processor 'FontDescriptionProcessor' had unexpected failure!. System.IO.FileNotFoundException: Could not find "Arial" font file. [/app/4DND.csproj]
     at Microsoft.Xna.Framework.Content.Pipeline.Processors.FontDescriptionProcessor.Process(FontDescription input, ContentProcessorContext context) in /home/runner/work/MonoGame/MonoGame/MonoGame.Framework.Content.Pipeline/Processors/FontDescriptionProcessor.cs:line 67
     at Microsoft.Xna.Framework.Content.Pipeline.ContentProcessor`2.Microsoft.Xna.Framework.Content.Pipeline.IContentProcessor.Process(Object input, ContentProcessorContext context) in /home/runner/work/MonoGame/MonoGame/MonoGame.Framework.Content.Pipeline/ContentProcessor.cs:line 60
     at MonoGame.Framework.Content.Pipeline.Builder.PipelineManager.ProcessContent(PipelineBuildEvent pipelineEvent) in /home/runner/work/MonoGame/MonoGame/MonoGame.Framework.Content.Pipeline/Builder/PipelineManager.cs:line 846
/home/jules/.nuget/packages/monogame.content.builder.task/3.8.4.1/build/MonoGame.Content.Builder.Task.targets(172,5): error MSB3073: The command ""dotnet" "mgcb" /quiet /@:"/app/Content/Content.mgcb" /platform:DesktopGL /outputDir:"/app/Content/bin/DesktopGL/Content" /intermediateDir:"/app/Content/obj/DesktopGL/net9.0/Content" /workingDir:"/app/Content/"" exited with code 1. [/app/4DND.csproj]

Build FAILED.

/app/Content/DefaultFont.spritefont : error : Processor 'FontDescriptionProcessor' had unexpected failure!. System.IO.FileNotFoundException: Could not find "Arial" font file. [/app/4DND.csproj]
/home/jules/.nuget/packages/monogame.content.builder.task/3.8.4.1/build/MonoGame.Content.Builder.Task.targets(172,5): error MSB3073: The command ""dotnet" "mgcb" /quiet /@:"/app/Content/Content.mgcb" /platform:DesktopGL /outputDir:"/app/Content/bin/DesktopGL/Content" /intermediateDir:"/app/Content/obj/DesktopGL/net9.0/Content" /workingDir:"/app/Content/"" exited with code 1. [/app/4DND.csproj]
    0 Warning(s)
    2 Error(s)

Time Elapsed 00:00:02.32
